push_steps started at 2025-11-17T13:50:49Z
Will run 6 steps. Starting now. Logs: /Users/shah_makhdum/Desktop/Project/gpa_calculator/push_steps.log
/Users/shah_makhdum/Desktop/Project/gpa_calculator/scripts/push_steps.sh: line 49: syntax error near unexpected token `)'
push_steps started at 2025-11-17T13:51:31Z
Will run 6 steps. Starting now. Logs: /Users/shah_makhdum/Desktop/Project/gpa_calculator/push_steps.log
\n=== Step #1 -> step1 at 2025-11-17T13:51:31Z ===
Skipping missing: module-info.java
[main 6603a60] Step 1 push: pom.xml src/main/java/com/example/App.java src/main/java/com/example/Course.java src/main/java/com/example/PrimaryController.java src/main/resources/com/example/primary.fxml
 5 files changed, 160 insertions(+)
 create mode 100644 gpa_calculator/pom.xml
 create mode 100644 gpa_calculator/src/main/java/com/example/App.java
 create mode 100644 gpa_calculator/src/main/java/com/example/Course.java
 create mode 100644 gpa_calculator/src/main/java/com/example/PrimaryController.java
 create mode 100644 gpa_calculator/src/main/resources/com/example/primary.fxml
Committed: Step 1 push: pom.xml src/main/java/com/example/App.java src/main/java/com/example/Course.java src/main/java/com/example/PrimaryController.java src/main/resources/com/example/primary.fxml
To https://github.com/ShahMakhdumSharif/Sharif_2207089_GPA_Calculator.git
 * [new branch]      HEAD -> auto-backup
Pushed step 1 to auto-backup
Commit: 6603a60
Sleeping 4115 seconds (~68 minutes) before next step
\n=== Step #2 -> step2 at 2025-11-17T15:11:56Z ===
On branch main
Untracked files:
  (use "git add <file>..." to include in what will be committed)
	../.DS_Store
	../.vscode/
	auto_push.log
	push_steps.log
	push_steps.nohup.out
	scripts/
	src/main/java/com/example/ResultController.java
	src/main/java/module-info.java
	src/main/resources/com/example/result.fxml
	src/main/resources/com/example/secondary.fxml
	target/
	../hello.class

nothing added to commit but untracked files present (use "git add" to track)
Nothing to commit after staging for step 2
Sleeping 4279 seconds (~71 minutes) before next step
